PS C:\Users\kasuk> cd C:\Users\kasuk\OneDrive\デスクトップ\lesson\git
PS C:\Users\kasuk\OneDrive\デスクトップ\lesson\git> mkdir git_challenge


    ディレクトリ: C:\Users\kasuk\OneDrive\デスクトップ\lesson\git


Mode                 LastWriteTime         Length Name
----                 -------------         ------ ----
d-----        2025/12/19     11:46                git_challenge

PS C:\Users\kasuk\OneDrive\デスクトップ\lesson\git> cd git_challenge

PS C:\Users\kasuk\OneDrive\デスクトップ\lesson\git\git_challenge> echo "Hello, World!" > hello_world.txt

PS C:\Users\kasuk\OneDrive\デスクトップ\lesson\git\git_challenge> git init
Initialized empty Git repository in C:/Users/kasuk/OneDrive/デスクトップ/lesson/git/git_challenge/.git/

PS C:\Users\kasuk\OneDrive\デスクトップ\lesson\git\git_challenge> git add hello_world.txt

PS C:\Users\kasuk\OneDrive\デスクトップ\lesson\git\git_challenge> git commit -m "hello_world.txtを追加"         
[main (root-commit) 2793a59] hello_world.txtを追加
 1 file changed, 0 insertions(+), 0 deletions(-)
 create mode 100644 hello_world.txt

PS C:\Users\kasuk\OneDrive\デスクトップ\lesson\git\git_challenge> echo "こんにちは、世界！" >> hello_world.txt

PS C:\Users\kasuk\OneDrive\デスクトップ\lesson\git\git_challenge> git add hello_world.txt

PS C:\Users\kasuk\OneDrive\デスクトップ\lesson\git\git_challenge> git commit -m "日本語訳を追記"          
[main 0aa34d9] 日本語訳を追記
 1 file changed, 0 insertions(+), 0 deletions(-)

PS C:\Users\kasuk\OneDrive\デスクトップ\lesson\git\git_challenge> git log --oneline
0aa34d9 (HEAD -> main) 日本語訳を追記
2793a59 hello_world.txtを追加
